// Jest Snapshot v1, https://goo.gl/fbAQLP

exports[`throws an error when no drivers are provided 1`] = `"Cannot calculate best driver: no drivers provided."`;
